src/server.ts(1,17): error TS2307: Cannot find module './app' or its corresponding type declarations.
